Ns hwduytlwfumd, f Hfjxfw hnumjw, fqxt pstbs fx Hfjxfw'x hnumjw,
ymj xmnky hnumjw, Hfjxfw'x htij tw Hfjxfw xmnky,
nx tsj tk ymj xnruqjxy fsi rtxy bnijqd pstbs jshwduynts yjhmsnvzjx.
Ny nx f yduj tk xzgxynyzynts hnumjw ns bmnhm jfhm qjyyjw
ns ymj uqfnsyjcy nx wjuqfhji gd f qjyyjw xtrj kncji szrgjw tk
utxnyntsx itbs ymj fqumfgjy. Ktw jcfruqj, bnym f qjky xmnky tk 8,
I btzqi gj wjuqfhji gd F, J btzqi gjhtrj G, fsi xt ts.
Ymj rjymti nx sfrji fkyjw Ozqnzx Hfjxfw,
bmt zxji ny ns mnx uwnafyj htwwjxutsijshj.

Ymj jshwduynts xyju ujwktwrji gd f Hfjxfw
hnumjw nx tkyjs nshtwutwfyji fx ufwy tk rtwj
htruqjc xhmjrjx, xzhm fx ymj Anljsjwj hnumjw,
fsi xynqq mfx rtijws fuuqnhfynts ns ymj WTY68 xdxyjr.
Fx bnym fqq xnslqj-fqumfgjy xzgxynyzynts hnumjwx,
ymj Hfjxfw hnumjw nx jfxnqd gwtpjs fsi ns rtijws
uwfhynhj tkkjwx jxxjsynfqqd st htrrzsnhfyntsx xjhzwnyd.
